// Vitest Snapshot v1

exports[`accent box 1`] = `
{
  "children": [
    {
      "children": [
        {
          "char": "~",
          "depth": 0.35,
          "font": "Main-R",
          "height": 0.31786,
          "italic": 0,
          "spacingBelow": -0.43056,
          "width": 0.5,
        },
        {
          "char": "a",
          "depth": 0,
          "font": "Math-I",
          "height": 0.43056,
          "italic": 0,
          "width": 0.52859,
        },
      ],
      "depth": 0,
      "height": 1.09842,
      "shift": -0,
      "width": 0.52859,
    },
    {
      "children": [
        {
          "depth": 0,
          "height": 0.04,
          "spacingBelow": 0.12,
          "spacingTop": 0.04,
          "width": 0,
        },
        {
          "char": "a",
          "depth": 0,
          "font": "Math-I",
          "height": 0.43056,
          "italic": 0,
          "width": 0.52859,
        },
      ],
      "depth": 0,
      "height": 0.47056,
      "shift": -0,
      "spacing": 0,
      "width": 0.52859,
    },
    {
      "children": [
        {
          "char": "^",
          "depth": 0,
          "font": "Main-R",
          "height": 0.69444,
          "italic": 0,
          "spacingBelow": -0.431,
          "width": 0.5,
        },
        {
          "char": "∫",
          "depth": 0.86225,
          "font": "Size2",
          "height": 1.36,
          "italic": 0.44445,
          "width": 1.00001,
        },
      ],
      "depth": 0.86225,
      "height": 2.05444,
      "shift": -0,
      "spacing": 0,
      "width": 1.00001,
    },
  ],
  "depth": 0.86225,
  "height": 2.05444,
  "width": 2.0571900000000003,
}
`;

exports[`symbol box 1`] = `
<span
  class="box math-i"
  style="height: 0.8540em; padding-right: 0.0572em; line-height: 0.8200em;"
>
  j
</span>
`;

exports[`symbol box 2`] = `
<span
  class="hbox"
>
  <span
    class="box math-i"
    style="height: 0.4306em; line-height: 0.3621em;"
  >
    a
  </span>
  <span
    class="box main-r"
    style="height: 0.6667em; margin-left: 0.2222em; line-height: 0.5357em;"
  >
    +
  </span>
  <span
    class="box math-i"
    style="height: 0.8889em; padding-right: 0.1076em; margin-left: 0.2222em; line-height: 0.8899em;"
  >
    f
  </span>
  <span
    class="box main-r"
    style="height: 0.2337em; margin-left: 0.2778em; line-height: 0.1027em;"
  >
    =
  </span>
  <span
    class="box size2"
    style="height: 2.2222em; padding-right: 0.4445em; margin-left: 0.2778em; line-height: 2.2220em;"
  >
    ∫
  </span>
</span>
`;
